[baxter - http://011504P0013.local:11311] baxter@baxterhost:~/ros_ws$ start-here-group3
start-here-group3: command not found
[baxter - http://011504P0013.local:11311] 
baxter@baxterhost:~/ros_ws$ rostopic echo /robot/joint_states -n 1
header: 
  seq: 62164
  stamp: 
    secs: 1479309035
    nsecs: 771000064
  frame_id: ''
name: ['l_gripper_l_finger_joint']
position: [0.01995365641951561]
velocity: [0.0]
effort: [0.0]
---
[baxter - http://011504P0013.local:11311] 

baxter@baxterhost:~/ros_ws$ rostopic echo /robot/joint_states -n 1
header: 
  seq: 158244
  stamp: 
    secs: 1479309040
    nsecs: 560550050
  frame_id: ''
name: ['head_nod', 'head_pan', 'left_e0', 'left_e1', 'left_s0', 'left_s1', 'left_w0', 'left_w1', 'left_w2', 'right_e0', 'right_e1', 'right_s0', 'right_s1', 'right_w0', 'right_w1', 'right_w2', 'torso_t0']
position: [0.0, -0.036432043712278574, -0.0023009711818281204, 0.7531845668517382, -0.0015339807878854137, -0.54686415088115, -0.0030679615757708274, 1.2547962844902685, 0.0019174759848567672, 0.004218447166684887, 0.7608544707911652, 0.014956312681882784, -0.5522330836387489, 0.0030679615757708274, 1.2482768661417554, 0.0011504855909140602, -12.565987119160338]
velocity: [0.0, -0.009032078877376396, 0.008639379795751335, 0.018064157754752792, -0.007461282550876154, 0.027881634795379313, -0.007461282550876154, -0.003926990816250607, -0.003926990816250607, -0.008246680714126275, 0.0027488935713754254, 0.0, -0.0019634954081253035, 0.009032078877376396, -0.010995574285501701, -0.01727875959150267, 0.0]
effort: [0.0, 0.0, -0.396, -14.708, 0.872, -26.8, 0.148, -0.168, -0.036, 0.476, -14.796, -0.496, -25.372, 0.28, -0.112, 0.288, -20.48]
---
[baxter - http://011504P0013.local:11311] 

baxter@baxterhost:~/ros_ws$ rostopic echo /robot/joint_states -n 1
header: 
  seq: 162774
  stamp: 
    secs: 1479309085
    nsecs: 860503652
  frame_id: ''
name: ['head_nod', 'head_pan', 'left_e0', 'left_e1', 'left_s0', 'left_s1', 'left_w0', 'left_w1', 'left_w2', 'right_e0', 'right_e1', 'right_s0', 'right_s1', 'right_w0', 'right_w1', 'right_w2', 'torso_t0']
position: [0.0, -0.03681553890924993, 0.41302432713814763, 0.48895637613847565, 0.18676216092504913, -0.6596117387907279, -0.055223308363874894, 0.46479617872928036, 0.7282573790486002, -0.4345000581685434, 0.4736165682596215, -0.18906313210687725, -0.6711165946998685, 0.05560680356084625, 0.438335010138257, -0.768140879533621, -12.565987119160338]
velocity: [0.0, -0.019634954081253035, 0.012959069693627005, 0.036128315509505585, 0.01531526418337737, -0.02120575040775328, -0.005497787142750851, -0.013744467856877126, 0.012959069693627005, -0.0047123889795007284, -0.009817477040626518, -0.03455751918300534, 0.01688606050987761, 0.005890486224375911, -0.013351768775252066, 0.0047123889795007284, 0.0]
effort: [0.0, 0.0, 4.136, -16.688, 1.276, -28.568, 0.492, -2.592, -0.072, -4.112, -16.104, -0.932, -28.008, -0.108, -2.304, 0.4, -20.48]
---
[baxter - http://011504P0013.local:11311] 

baxter@baxterhost:~/ros_ws$ rostopic echo /robot/joint_states -n 1
header: 
  seq: 64626
  stamp: 
    secs: 1479309098
    nsecs:  48999936
  frame_id: ''
name: ['r_gripper_l_finger_joint']
position: [0.02083]
velocity: [0.0]
effort: [0.0]
---
[baxter - http://011504P0013.local:11311] 

baxter@baxterhost:~/ros_ws$ rostopic echo /robot/joint_states -n 1
header: 
  seq: 164336
  stamp: 
    secs: 1479309101
    nsecs: 480488265
  frame_id: ''
name: ['head_nod', 'head_pan', 'left_e0', 'left_e1', 'left_s0', 'left_s1', 'left_w0', 'left_w1', 'left_w2', 'right_e0', 'right_e1', 'right_s0', 'right_s1', 'right_w0', 'right_w1', 'right_w2', 'torso_t0']
position: [0.0, -0.03566505331833587, 0.4341165629715721, 1.7337817855074888, -0.024927187803137973, -0.0222427214243385, -0.23853401251618184, -0.02569417819708068, 2.345456624676798, -0.44677190447162674, 1.7813351899319367, 0.02914563496982286, -0.005368932757598948, 0.24735440204652295, -0.09127185687918211, -2.450150813449977, -12.565987119160338]
velocity: [0.0, -0.0047123889795007284, 0.0047123889795007284, 0.02081305132612822, 0.01767145867312773, -0.001570796326500243, 0.006675884387626033, -0.02591813938725401, -0.018456856836377853, -0.009424777959001457, -0.007461282550876154, 0.019634954081253035, -0.008246680714126275, 0.006675884387626033, -0.004319689897875668, 0.003926990816250607, 0.0]
effort: [0.0, 0.0, 9.068, 2.204, 1.12, -1.248, 0.268, 0.092, -0.204, -9.18, 3.352, -0.404, -0.816, 0.34, 0.176, 0.268, -20.48]
---
[baxter - http://011504P0013.local:11311] 

baxter@baxterhost:~/ros_ws$ rostopic echo /robot/joint_states -n 1
header: 
  seq: 165335
  stamp: 
    secs: 1479309111
    nsecs: 470715015
  frame_id: ''
name: ['head_nod', 'head_pan', 'left_e0', 'left_e1', 'left_s0', 'left_s1', 'left_w0', 'left_w1', 'left_w2', 'right_e0', 'right_e1', 'right_s0', 'right_s1', 'right_w0', 'right_w1', 'right_w2', 'torso_t0']
position: [0.0, -0.03604854851530722, 0.5779272618358297, 0.14227671807637213, -0.7727428218972772, -0.27381557063754636, -3.041116911982833, -0.8736020587007431, 2.6403644311477685, -0.6024709544419963, 0.10776215034895031, 0.8275826350641807, -0.27650003701634585, 3.0549227390738016, -0.9533690596707847, -2.58974306514755, -12.565987119160338]
velocity: [0.0, -0.004319689897875668, -0.005890486224375911, 0.0007853981632501215, 0.022776546734253524, -0.02631083846887907, -0.006675884387626033, 0.0047123889795007284, 0.012566370612001944, 0.018849555918002914, -0.0023561944897503642, 0.006675884387626033, -0.006283185306000972, -0.008639379795751335, -0.024347343060753767, -0.019242254999627974, 0.0]
effort: [0.0, 0.0, 4.268, -14.74, 0.436, -24.788, 1.388, 1.82, -0.12, -4.268, -13.804, -0.684, -24.252, -1.3, 1.82, 0.288, -20.48]
---
[baxter - http://011504P0013.local:11311] baxter@baxterhost:~/ros_ws$ ^C
[baxter - http://011504P0013.local:11311] baxter@baxterhost:~/ros_ws$ 

